<?xml version="1.0" encoding="utf-8"?><testsuites name="pytest tests"><testsuite name="pytest" errors="0" failures="1" skipped="0" tests="3" time="11.727" timestamp="2025-10-05T10:43:20.237525+08:00" hostname="lihenglideMacBook-Pro.local"><testcase classname="tests.api.test_user.TestUser" name="test_add_user" time="0.160" /><testcase classname="tests.ui.test_user_ui.TestUser" name="test_user[chromium]" time="4.080" /><testcase classname="tests.ui.test_user_ui.TestUser" name="test_delete_non_existent_users[chromium]" time="7.288"><failure message="AssertionError: 断言失败：文本为 '删除失败' 的元素不可见，原因： Locator expected to be visible&#10;Actual value: &lt;element(s) not found&gt; &#10;Call log:&#10;  - Expect &quot;to_be_visible&quot; with timeout 5000ms&#10;  - waiting for get_by_text(&quot;删除失败&quot;)">src/pages/base_page.py:253: in assert_ele_visible_by_txt
    expect(element).to_be_visible(timeout=timeout or self.timeout)
E   AssertionError: Locator expected to be visible
E   Actual value: &lt;element(s) not found&gt; 
E   Call log:
E     - Expect "to_be_visible" with timeout 5000ms
E     - waiting for get_by_text("删除失败")

During handling of the above exception, another exception occurred:
tests/ui/test_user_ui.py:50: in test_delete_non_existent_users
    user_page.del_user_faild('UI 自动化测试')
src/pages/user.py:41: in del_user_faild
    self.assert_ele_visible_by_txt('删除失败')
src/pages/base_page.py:259: in assert_ele_visible_by_txt
    raise AssertionError(error_msg)
E   AssertionError: 断言失败：文本为 '删除失败' 的元素不可见，原因： Locator expected to be visible
E   Actual value: &lt;element(s) not found&gt; 
E   Call log:
E     - Expect "to_be_visible" with timeout 5000ms
E     - waiting for get_by_text("删除失败")</failure></testcase></testsuite></testsuites>